29.08.2026 - 20:05:37 - [TAB v5.2.0] Player placeholder %politaria_balance% generated an error when setting for player washapso
29.08.2026 - 20:05:37 - java.lang.NoClassDefFoundError: ch/njol/skript/variables/Variables
29.08.2026 - 20:05:37 - 	at PolitariaIdentity.jar//ru.politaria.identity.PolitariaIdentityPlugin.variable(PolitariaIdentityPlugin.java:119)
29.08.2026 - 20:05:37 - 	at PolitariaIdentity.jar//ru.politaria.identity.PolitariaIdentityPlugin.lambda$registerTabPlaceholders$0(PolitariaIdentityPlugin.java:96)
29.08.2026 - 20:05:37 - 	at TAB.jar//me.neznamy.tab.shared.placeholders.types.PlayerPlaceholderImpl.request(PlayerPlaceholderImpl.java:153)
29.08.2026 - 20:05:37 - 	at TAB.jar//me.neznamy.tab.shared.placeholders.types.PlayerPlaceholderImpl.getLastValue(PlayerPlaceholderImpl.java:131)
29.08.2026 - 20:05:37 - 	at TAB.jar//me.neznamy.tab.shared.placeholders.types.TabPlaceholder.set(TabPlaceholder.java:85)
29.08.2026 - 20:05:37 - 	at TAB.jar//me.neznamy.tab.shared.Property.update(Property.java:268)
29.08.2026 - 20:05:37 - 	at TAB.jar//me.neznamy.tab.shared.Property.analyze(Property.java:161)
29.08.2026 - 20:05:37 - 	at TAB.jar//me.neznamy.tab.shared.Property.<init>(Property.java:109)
29.08.2026 - 20:05:37 - 	at TAB.jar//me.neznamy.tab.shared.Property.<init>(Property.java:84)
29.08.2026 - 20:05:37 - 	at TAB.jar//me.neznamy.tab.shared.features.scoreboard.lines.StableDynamicLine.register(StableDynamicLine.java:45)
29.08.2026 - 20:05:37 - 	at TAB.jar//me.neznamy.tab.shared.features.scoreboard.ScoreboardImpl.addPlayer(ScoreboardImpl.java:160)
29.08.2026 - 20:05:37 - 	at TAB.jar//me.neznamy.tab.shared.features.scoreboard.ScoreboardManagerImpl.sendHighestScoreboard(ScoreboardManagerImpl.java:129)
29.08.2026 - 20:05:37 - 	at TAB.jar//me.neznamy.tab.shared.features.scoreboard.ScoreboardManagerImpl.setScoreboardVisible(ScoreboardManagerImpl.java:273)
29.08.2026 - 20:05:37 - 	at TAB.jar//me.neznamy.tab.shared.features.scoreboard.ScoreboardManagerImpl.lambda$onJoin$2(ScoreboardManagerImpl.java:105)
29.08.2026 - 20:05:37 - 	at TAB.jar//me.neznamy.tab.shared.cpu.TimedCaughtTask.run(TimedCaughtTask.java:28)
29.08.2026 - 20:05:37 - 	at java.base/java.util.concurrent.Executors$RunnableAdapter.call(Executors.java:572)
29.08.2026 - 20:05:37 - 	at java.base/java.util.concurrent.FutureTask.run(FutureTask.java:317)
29.08.2026 - 20:05:37 - 	at java.base/java.util.concurrent.ScheduledThreadPoolExecutor$ScheduledFutureTask.run(ScheduledThreadPoolExecutor.java:304)
29.08.2026 - 20:05:37 - 	at java.base/java.util.concurrent.ThreadPoolExecutor.runWorker(ThreadPoolExecutor.java:1144)
29.08.2026 - 20:05:37 - 	at java.base/java.util.concurrent.ThreadPoolExecutor$Worker.run(ThreadPoolExecutor.java:642)
29.08.2026 - 20:05:37 - 	at java.base/java.lang.Thread.run(Thread.java:1583)
29.08.2026 - 20:05:37 - Caused by: java.lang.ClassNotFoundException: ch.njol.skript.variables.Variables
29.08.2026 - 20:05:37 - 	at org.bukkit.plugin.java.PluginClassLoader.loadClass0(PluginClassLoader.java:199)
29.08.2026 - 20:05:37 - 	at org.bukkit.plugin.java.PluginClassLoader.loadClass(PluginClassLoader.java:166)
29.08.2026 - 20:05:37 - 	at java.base/java.lang.ClassLoader.loadClass(ClassLoader.java:526)
29.08.2026 - 20:05:37 - 	at PolitariaIdentity.jar//ru.politaria.identity.PolitariaIdentityPlugin.variable(PolitariaIdentityPlugin.java:119)
29.08.2026 - 20:05:37 - 	at PolitariaIdentity.jar//ru.politaria.identity.PolitariaIdentityPlugin.lambda$registerTabPlaceholders$0(PolitariaIdentityPlugin.java:96)
29.08.2026 - 20:05:37 - 	at TAB.jar//me.neznamy.tab.shared.placeholders.types.PlayerPlaceholderImpl.request(PlayerPlaceholderImpl.java:153)
29.08.2026 - 20:05:37 - 	at TAB.jar//me.neznamy.tab.shared.placeholders.types.PlayerPlaceholderImpl.getLastValue(PlayerPlaceholderImpl.java:131)
29.08.2026 - 20:05:37 - 	at TAB.jar//me.neznamy.tab.shared.placeholders.types.TabPlaceholder.set(TabPlaceholder.java:85)
29.08.2026 - 20:05:37 - 	at TAB.jar//me.neznamy.tab.shared.Property.update(Property.java:268)
29.08.2026 - 20:05:37 - 	at TAB.jar//me.neznamy.tab.shared.Property.analyze(Property.java:161)
29.08.2026 - 20:05:37 - 	at TAB.jar//me.neznamy.tab.shared.Property.<init>(Property.java:109)
29.08.2026 - 20:05:37 - 	at TAB.jar//me.neznamy.tab.shared.Property.<init>(Property.java:84)
29.08.2026 - 20:05:37 - 	at TAB.jar//me.neznamy.tab.shared.features.scoreboard.lines.StableDynamicLine.register(StableDynamicLine.java:45)
29.08.2026 - 20:05:37 - 	at TAB.jar//me.neznamy.tab.shared.features.scoreboard.ScoreboardImpl.addPlayer(ScoreboardImpl.java:160)
29.08.2026 - 20:05:37 - 	at TAB.jar//me.neznamy.tab.shared.features.scoreboard.ScoreboardManagerImpl.sendHighestScoreboard(ScoreboardManagerImpl.java:129)
29.08.2026 - 20:05:37 - 	at TAB.jar//me.neznamy.tab.shared.features.scoreboard.ScoreboardManagerImpl.setScoreboardVisible(ScoreboardManagerImpl.java:273)
29.08.2026 - 20:05:37 - 	at TAB.jar//me.neznamy.tab.shared.features.scoreboard.ScoreboardManagerImpl.lambda$onJoin$2(ScoreboardManagerImpl.java:105)
29.08.2026 - 20:05:37 - 	at TAB.jar//me.neznamy.tab.shared.cpu.TimedCaughtTask.run(TimedCaughtTask.java:28)
29.08.2026 - 20:05:37 - 	at java.base/java.util.concurrent.Executors$RunnableAdapter.call(Executors.java:572)
29.08.2026 - 20:05:37 - 	at java.base/java.util.concurrent.FutureTask.run(FutureTask.java:317)
29.08.2026 - 20:05:37 - 	at java.base/java.util.concurrent.ScheduledThreadPoolExecutor$ScheduledFutureTask.run(ScheduledThreadPoolExecutor.java:304)
29.08.2026 - 20:05:37 - 	at java.base/java.util.concurrent.ThreadPoolExecutor.runWorker(ThreadPoolExecutor.java:1144)
29.08.2026 - 20:05:37 - 	at java.base/java.util.concurrent.ThreadPoolExecutor$Worker.run(ThreadPoolExecutor.java:642)
29.08.2026 - 20:05:37 - 	at java.base/java.lang.Thread.run(Thread.java:1583)
29.08.2026 - 20:05:37 - [TAB v5.2.0] Player placeholder %politaria_country% generated an error when setting for player washapso
29.08.2026 - 20:05:37 - java.lang.NoClassDefFoundError: ch/njol/skript/variables/Variables
29.08.2026 - 20:05:37 - 	at PolitariaIdentity.jar//ru.politaria.identity.PolitariaIdentityPlugin.variable(PolitariaIdentityPlugin.java:119)
29.08.2026 - 20:05:37 - 	at PolitariaIdentity.jar//ru.politaria.identity.PolitariaIdentityPlugin.countryId(PolitariaIdentityPlugin.java:123)
29.08.2026 - 20:05:37 - 	at PolitariaIdentity.jar//ru.politaria.identity.PolitariaIdentityPlugin.countryName(PolitariaIdentityPlugin.java:128)
29.08.2026 - 20:05:37 - 	at PolitariaIdentity.jar//ru.politaria.identity.PolitariaIdentityPlugin.lambda$registerTabPlaceholders$1(PolitariaIdentityPlugin.java:98)
29.08.2026 - 20:05:37 - 	at TAB.jar//me.neznamy.tab.shared.placeholders.types.PlayerPlaceholderImpl.request(PlayerPlaceholderImpl.java:153)
29.08.2026 - 20:05:37 - 	at TAB.jar//me.neznamy.tab.shared.placeholders.types.PlayerPlaceholderImpl.getLastValue(PlayerPlaceholderImpl.java:131)
29.08.2026 - 20:05:37 - 	at TAB.jar//me.neznamy.tab.shared.placeholders.types.TabPlaceholder.set(TabPlaceholder.java:85)
29.08.2026 - 20:05:37 - 	at TAB.jar//me.neznamy.tab.shared.Property.update(Property.java:268)
29.08.2026 - 20:05:37 - 	at TAB.jar//me.neznamy.tab.shared.Property.analyze(Property.java:161)
29.08.2026 - 20:05:37 - 	at TAB.jar//me.neznamy.tab.shared.Property.<init>(Property.java:109)
29.08.2026 - 20:05:37 - 	at TAB.jar//me.neznamy.tab.shared.Property.<init>(Property.java:84)
29.08.2026 - 20:05:37 - 	at TAB.jar//me.neznamy.tab.shared.features.scoreboard.lines.StableDynamicLine.register(StableDynamicLine.java:45)
29.08.2026 - 20:05:37 - 	at TAB.jar//me.neznamy.tab.shared.features.scoreboard.ScoreboardImpl.addPlayer(ScoreboardImpl.java:160)
29.08.2026 - 20:05:37 - 	at TAB.jar//me.neznamy.tab.shared.features.scoreboard.ScoreboardManagerImpl.sendHighestScoreboard(ScoreboardManagerImpl.java:129)
29.08.2026 - 20:05:37 - 	at TAB.jar//me.neznamy.tab.shared.features.scoreboard.ScoreboardManagerImpl.setScoreboardVisible(ScoreboardManagerImpl.java:273)
29.08.2026 - 20:05:37 - 	at TAB.jar//me.neznamy.tab.shared.features.scoreboard.ScoreboardManagerImpl.lambda$onJoin$2(ScoreboardManagerImpl.java:105)
29.08.2026 - 20:05:37 - 	at TAB.jar//me.neznamy.tab.shared.cpu.TimedCaughtTask.run(TimedCaughtTask.java:28)
29.08.2026 - 20:05:37 - 	at java.base/java.util.concurrent.Executors$RunnableAdapter.call(Executors.java:572)
29.08.2026 - 20:05:37 - 	at java.base/java.util.concurrent.FutureTask.run(FutureTask.java:317)
29.08.2026 - 20:05:37 - 	at java.base/java.util.concurrent.ScheduledThreadPoolExecutor$ScheduledFutureTask.run(ScheduledThreadPoolExecutor.java:304)
29.08.2026 - 20:05:37 - 	at java.base/java.util.concurrent.ThreadPoolExecutor.runWorker(ThreadPoolExecutor.java:1144)
29.08.2026 - 20:05:37 - 	at java.base/java.util.concurrent.ThreadPoolExecutor$Worker.run(ThreadPoolExecutor.java:642)
29.08.2026 - 20:05:37 - 	at java.base/java.lang.Thread.run(Thread.java:1583)
29.08.2026 - 20:05:37 - Caused by: java.lang.ClassNotFoundException: ch.njol.skript.variables.Variables
29.08.2026 - 20:05:37 - 	at PolitariaIdentity.jar//ru.politaria.identity.PolitariaIdentityPlugin.variable(PolitariaIdentityPlugin.java:119)
29.08.2026 - 20:05:37 - 	at PolitariaIdentity.jar//ru.politaria.identity.PolitariaIdentityPlugin.countryId(PolitariaIdentityPlugin.java:123)
29.08.2026 - 20:05:37 - 	at PolitariaIdentity.jar//ru.politaria.identity.PolitariaIdentityPlugin.countryName(PolitariaIdentityPlugin.java:128)
29.08.2026 - 20:05:37 - 	at PolitariaIdentity.jar//ru.politaria.identity.PolitariaIdentityPlugin.lambda$registerTabPlaceholders$1(PolitariaIdentityPlugin.java:98)
29.08.2026 - 20:05:37 - 	at TAB.jar//me.neznamy.tab.shared.placeholders.types.PlayerPlaceholderImpl.request(PlayerPlaceholderImpl.java:153)
29.08.2026 - 20:05:37 - 	at TAB.jar//me.neznamy.tab.shared.placeholders.types.PlayerPlaceholderImpl.getLastValue(PlayerPlaceholderImpl.java:131)
29.08.2026 - 20:05:37 - 	at TAB.jar//me.neznamy.tab.shared.placeholders.types.TabPlaceholder.set(TabPlaceholder.java:85)
29.08.2026 - 20:05:37 - 	at TAB.jar//me.neznamy.tab.shared.Property.update(Property.java:268)
29.08.2026 - 20:05:37 - 	at TAB.jar//me.neznamy.tab.shared.Property.analyze(Property.java:161)
29.08.2026 - 20:05:37 - 	at TAB.jar//me.neznamy.tab.shared.Property.<init>(Property.java:109)
29.08.2026 - 20:05:37 - 	at TAB.jar//me.neznamy.tab.shared.Property.<init>(Property.java:84)
29.08.2026 - 20:05:37 - 	at TAB.jar//me.neznamy.tab.shared.features.scoreboard.lines.StableDynamicLine.register(StableDynamicLine.java:45)
29.08.2026 - 20:05:37 - 	at TAB.jar//me.neznamy.tab.shared.features.scoreboard.ScoreboardImpl.addPlayer(ScoreboardImpl.java:160)
29.08.2026 - 20:05:37 - 	at TAB.jar//me.neznamy.tab.shared.features.scoreboard.ScoreboardManagerImpl.sendHighestScoreboard(ScoreboardManagerImpl.java:129)
29.08.2026 - 20:05:37 - 	at TAB.jar//me.neznamy.tab.shared.features.scoreboard.ScoreboardManagerImpl.setScoreboardVisible(ScoreboardManagerImpl.java:273)
29.08.2026 - 20:05:37 - 	at TAB.jar//me.neznamy.tab.shared.features.scoreboard.ScoreboardManagerImpl.lambda$onJoin$2(ScoreboardManagerImpl.java:105)
29.08.2026 - 20:05:37 - 	at TAB.jar//me.neznamy.tab.shared.cpu.TimedCaughtTask.run(TimedCaughtTask.java:28)
29.08.2026 - 20:05:37 - 	at java.base/java.util.concurrent.Executors$RunnableAdapter.call(Executors.java:572)
29.08.2026 - 20:05:37 - 	at java.base/java.util.concurrent.FutureTask.run(FutureTask.java:317)
29.08.2026 - 20:05:37 - 	at java.base/java.util.concurrent.ScheduledThreadPoolExecutor$ScheduledFutureTask.run(ScheduledThreadPoolExecutor.java:304)
29.08.2026 - 20:05:37 - 	at java.base/java.util.concurrent.ThreadPoolExecutor.runWorker(ThreadPoolExecutor.java:1144)
29.08.2026 - 20:05:37 - 	at java.base/java.util.concurrent.ThreadPoolExecutor$Worker.run(ThreadPoolExecutor.java:642)
29.08.2026 - 20:05:37 - 	at java.base/java.lang.Thread.run(Thread.java:1583)
29.08.2026 - 20:05:37 - [TAB v5.2.0] Player placeholder %politaria_role% generated an error when setting for player washapso
29.08.2026 - 20:05:37 - java.lang.NoClassDefFoundError: ch/njol/skript/variables/Variables
29.08.2026 - 20:05:37 - 	at PolitariaIdentity.jar//ru.politaria.identity.PolitariaIdentityPlugin.variable(PolitariaIdentityPlugin.java:119)
29.08.2026 - 20:05:37 - 	at PolitariaIdentity.jar//ru.politaria.identity.PolitariaIdentityPlugin.countryId(PolitariaIdentityPlugin.java:123)
29.08.2026 - 20:05:37 - 	at PolitariaIdentity.jar//ru.politaria.identity.PolitariaIdentityPlugin.countryRole(PolitariaIdentityPlugin.java:137)
29.08.2026 - 20:05:37 - 	at PolitariaIdentity.jar//ru.politaria.identity.PolitariaIdentityPlugin.lambda$registerTabPlaceholders$2(PolitariaIdentityPlugin.java:100)
29.08.2026 - 20:05:37 - 	at TAB.jar//me.neznamy.tab.shared.placeholders.types.PlayerPlaceholderImpl.request(PlayerPlaceholderImpl.java:153)
29.08.2026 - 20:05:37 - 	at TAB.jar//me.neznamy.tab.shared.placeholders.types.PlayerPlaceholderImpl.getLastValue(PlayerPlaceholderImpl.java:131)
29.08.2026 - 20:05:37 - 	at TAB.jar//me.neznamy.tab.shared.placeholders.types.TabPlaceholder.set(TabPlaceholder.java:85)
29.08.2026 - 20:05:37 - 	at TAB.jar//me.neznamy.tab.shared.Property.update(Property.java:268)
29.08.2026 - 20:05:37 - 	at TAB.jar//me.neznamy.tab.shared.Property.analyze(Property.java:161)
29.08.2026 - 20:05:37 - 	at TAB.jar//me.neznamy.tab.shared.Property.<init>(Property.java:109)
29.08.2026 - 20:05:37 - 	at TAB.jar//me.neznamy.tab.shared.Property.<init>(Property.java:84)
29.08.2026 - 20:05:37 - 	at TAB.jar//me.neznamy.tab.shared.features.scoreboard.lines.StableDynamicLine.register(StableDynamicLine.java:45)
29.08.2026 - 20:05:37 - 	at TAB.jar//me.neznamy.tab.shared.features.scoreboard.ScoreboardImpl.addPlayer(ScoreboardImpl.java:160)
29.08.2026 - 20:05:37 - 	at TAB.jar//me.neznamy.tab.shared.features.scoreboard.ScoreboardManagerImpl.sendHighestScoreboard(ScoreboardManagerImpl.java:129)
29.08.2026 - 20:05:37 - 	at TAB.jar//me.neznamy.tab.shared.features.scoreboard.ScoreboardManagerImpl.setScoreboardVisible(ScoreboardManagerImpl.java:273)
29.08.2026 - 20:05:37 - 	at TAB.jar//me.neznamy.tab.shared.features.scoreboard.ScoreboardManagerImpl.lambda$onJoin$2(ScoreboardManagerImpl.java:105)
29.08.2026 - 20:05:37 - 	at TAB.jar//me.neznamy.tab.shared.cpu.TimedCaughtTask.run(TimedCaughtTask.java:28)
29.08.2026 - 20:05:37 - 	at java.base/java.util.concurrent.Executors$RunnableAdapter.call(Executors.java:572)
29.08.2026 - 20:05:37 - 	at java.base/java.util.concurrent.FutureTask.run(FutureTask.java:317)
29.08.2026 - 20:05:37 - 	at java.base/java.util.concurrent.ScheduledThreadPoolExecutor$ScheduledFutureTask.run(ScheduledThreadPoolExecutor.java:304)
29.08.2026 - 20:05:37 - 	at java.base/java.util.concurrent.ThreadPoolExecutor.runWorker(ThreadPoolExecutor.java:1144)
29.08.2026 - 20:05:37 - 	at java.base/java.util.concurrent.ThreadPoolExecutor$Worker.run(ThreadPoolExecutor.java:642)
29.08.2026 - 20:05:37 - 	at java.base/java.lang.Thread.run(Thread.java:1583)
29.08.2026 - 20:05:37 - Caused by: java.lang.ClassNotFoundException: ch.njol.skript.variables.Variables
29.08.2026 - 20:05:37 - 	at PolitariaIdentity.jar//ru.politaria.identity.PolitariaIdentityPlugin.variable(PolitariaIdentityPlugin.java:119)
29.08.2026 - 20:05:37 - 	at PolitariaIdentity.jar//ru.politaria.identity.PolitariaIdentityPlugin.countryId(PolitariaIdentityPlugin.java:123)
29.08.2026 - 20:05:37 - 	at PolitariaIdentity.jar//ru.politaria.identity.PolitariaIdentityPlugin.countryRole(PolitariaIdentityPlugin.java:137)
29.08.2026 - 20:05:37 - 	at PolitariaIdentity.jar//ru.politaria.identity.PolitariaIdentityPlugin.lambda$registerTabPlaceholders$2(PolitariaIdentityPlugin.java:100)
29.08.2026 - 20:05:37 - 	at TAB.jar//me.neznamy.tab.shared.placeholders.types.PlayerPlaceholderImpl.request(PlayerPlaceholderImpl.java:153)
29.08.2026 - 20:05:37 - 	at TAB.jar//me.neznamy.tab.shared.placeholders.types.PlayerPlaceholderImpl.getLastValue(PlayerPlaceholderImpl.java:131)
29.08.2026 - 20:05:37 - 	at TAB.jar//me.neznamy.tab.shared.placeholders.types.TabPlaceholder.set(TabPlaceholder.java:85)
29.08.2026 - 20:05:37 - 	at TAB.jar//me.neznamy.tab.shared.Property.update(Property.java:268)
29.08.2026 - 20:05:37 - 	at TAB.jar//me.neznamy.tab.shared.Property.analyze(Property.java:161)
29.08.2026 - 20:05:37 - 	at TAB.jar//me.neznamy.tab.shared.Property.<init>(Property.java:109)
29.08.2026 - 20:05:37 - 	at TAB.jar//me.neznamy.tab.shared.Property.<init>(Property.java:84)
29.08.2026 - 20:05:37 - 	at TAB.jar//me.neznamy.tab.shared.features.scoreboard.lines.StableDynamicLine.register(StableDynamicLine.java:45)
29.08.2026 - 20:05:37 - 	at TAB.jar//me.neznamy.tab.shared.features.scoreboard.ScoreboardImpl.addPlayer(ScoreboardImpl.java:160)
29.08.2026 - 20:05:37 - 	at TAB.jar//me.neznamy.tab.shared.features.scoreboard.ScoreboardManagerImpl.sendHighestScoreboard(ScoreboardManagerImpl.java:129)
29.08.2026 - 20:05:37 - 	at TAB.jar//me.neznamy.tab.shared.features.scoreboard.ScoreboardManagerImpl.setScoreboardVisible(ScoreboardManagerImpl.java:273)
29.08.2026 - 20:05:37 - 	at TAB.jar//me.neznamy.tab.shared.features.scoreboard.ScoreboardManagerImpl.lambda$onJoin$2(ScoreboardManagerImpl.java:105)
29.08.2026 - 20:05:37 - 	at TAB.jar//me.neznamy.tab.shared.cpu.TimedCaughtTask.run(TimedCaughtTask.java:28)
29.08.2026 - 20:05:37 - 	at java.base/java.util.concurrent.Executors$RunnableAdapter.call(Executors.java:572)
29.08.2026 - 20:05:37 - 	at java.base/java.util.concurrent.FutureTask.run(FutureTask.java:317)
29.08.2026 - 20:05:37 - 	at java.base/java.util.concurrent.ScheduledThreadPoolExecutor$ScheduledFutureTask.run(ScheduledThreadPoolExecutor.java:304)
29.08.2026 - 20:05:37 - 	at java.base/java.util.concurrent.ThreadPoolExecutor.runWorker(ThreadPoolExecutor.java:1144)
29.08.2026 - 20:05:37 - 	at java.base/java.util.concurrent.ThreadPoolExecutor$Worker.run(ThreadPoolExecutor.java:642)
29.08.2026 - 20:05:37 - 	at java.base/java.lang.Thread.run(Thread.java:1583)
29.08.2026 - 20:05:37 - [TAB v5.2.0] Player placeholder %politaria_members% generated an error when setting for player washapso
29.08.2026 - 20:05:37 - java.lang.NoClassDefFoundError: ch/njol/skript/variables/Variables
29.08.2026 - 20:05:37 - 	at PolitariaIdentity.jar//ru.politaria.identity.PolitariaIdentityPlugin.variable(PolitariaIdentityPlugin.java:119)
29.08.2026 - 20:05:37 - 	at PolitariaIdentity.jar//ru.politaria.identity.PolitariaIdentityPlugin.countryId(PolitariaIdentityPlugin.java:123)
29.08.2026 - 20:05:37 - 	at PolitariaIdentity.jar//ru.politaria.identity.PolitariaIdentityPlugin.countryMembers(PolitariaIdentityPlugin.java:152)
29.08.2026 - 20:05:37 - 	at PolitariaIdentity.jar//ru.politaria.identity.PolitariaIdentityPlugin.lambda$registerTabPlaceholders$3(PolitariaIdentityPlugin.java:102)
29.08.2026 - 20:05:37 - 	at TAB.jar//me.neznamy.tab.shared.placeholders.types.PlayerPlaceholderImpl.request(PlayerPlaceholderImpl.java:153)
29.08.2026 - 20:05:37 - 	at TAB.jar//me.neznamy.tab.shared.placeholders.types.PlayerPlaceholderImpl.getLastValue(PlayerPlaceholderImpl.java:131)
29.08.2026 - 20:05:37 - 	at TAB.jar//me.neznamy.tab.shared.placeholders.types.TabPlaceholder.set(TabPlaceholder.java:85)
29.08.2026 - 20:05:37 - 	at TAB.jar//me.neznamy.tab.shared.Property.update(Property.java:268)
29.08.2026 - 20:05:37 - 	at TAB.jar//me.neznamy.tab.shared.Property.analyze(Property.java:161)
29.08.2026 - 20:05:37 - 	at TAB.jar//me.neznamy.tab.shared.Property.<init>(Property.java:109)
29.08.2026 - 20:05:37 - 	at TAB.jar//me.neznamy.tab.shared.Property.<init>(Property.java:84)
29.08.2026 - 20:05:37 - 	at TAB.jar//me.neznamy.tab.shared.features.scoreboard.lines.StableDynamicLine.register(StableDynamicLine.java:45)
29.08.2026 - 20:05:37 - 	at TAB.jar//me.neznamy.tab.shared.features.scoreboard.ScoreboardImpl.addPlayer(ScoreboardImpl.java:160)
29.08.2026 - 20:05:37 - 	at TAB.jar//me.neznamy.tab.shared.features.scoreboard.ScoreboardManagerImpl.sendHighestScoreboard(ScoreboardManagerImpl.java:129)
29.08.2026 - 20:05:37 - 	at TAB.jar//me.neznamy.tab.shared.features.scoreboard.ScoreboardManagerImpl.setScoreboardVisible(ScoreboardManagerImpl.java:273)
29.08.2026 - 20:05:37 - 	at TAB.jar//me.neznamy.tab.shared.features.scoreboard.ScoreboardManagerImpl.lambda$onJoin$2(ScoreboardManagerImpl.java:105)
29.08.2026 - 20:05:37 - 	at TAB.jar//me.neznamy.tab.shared.cpu.TimedCaughtTask.run(TimedCaughtTask.java:28)
29.08.2026 - 20:05:37 - 	at java.base/java.util.concurrent.Executors$RunnableAdapter.call(Executors.java:572)
29.08.2026 - 20:05:37 - 	at java.base/java.util.concurrent.FutureTask.run(FutureTask.java:317)
29.08.2026 - 20:05:37 - 	at java.base/java.util.concurrent.ScheduledThreadPoolExecutor$ScheduledFutureTask.run(ScheduledThreadPoolExecutor.java:304)
29.08.2026 - 20:05:37 - 	at java.base/java.util.concurrent.ThreadPoolExecutor.runWorker(ThreadPoolExecutor.java:1144)
29.08.2026 - 20:05:37 - 	at java.base/java.util.concurrent.ThreadPoolExecutor$Worker.run(ThreadPoolExecutor.java:642)
29.08.2026 - 20:05:37 - 	at java.base/java.lang.Thread.run(Thread.java:1583)
29.08.2026 - 20:05:37 - Caused by: java.lang.ClassNotFoundException: ch.njol.skript.variables.Variables
29.08.2026 - 20:05:37 - 	at PolitariaIdentity.jar//ru.politaria.identity.PolitariaIdentityPlugin.variable(PolitariaIdentityPlugin.java:119)
29.08.2026 - 20:05:37 - 	at PolitariaIdentity.jar//ru.politaria.identity.PolitariaIdentityPlugin.countryId(PolitariaIdentityPlugin.java:123)
29.08.2026 - 20:05:37 - 	at PolitariaIdentity.jar//ru.politaria.identity.PolitariaIdentityPlugin.countryMembers(PolitariaIdentityPlugin.java:152)
29.08.2026 - 20:05:37 - 	at PolitariaIdentity.jar//ru.politaria.identity.PolitariaIdentityPlugin.lambda$registerTabPlaceholders$3(PolitariaIdentityPlugin.java:102)
29.08.2026 - 20:05:37 - 	at TAB.jar//me.neznamy.tab.shared.placeholders.types.PlayerPlaceholderImpl.request(PlayerPlaceholderImpl.java:153)
29.08.2026 - 20:05:37 - 	at TAB.jar//me.neznamy.tab.shared.placeholders.types.PlayerPlaceholderImpl.getLastValue(PlayerPlaceholderImpl.java:131)
29.08.2026 - 20:05:37 - 	at TAB.jar//me.neznamy.tab.shared.placeholders.types.TabPlaceholder.set(TabPlaceholder.java:85)
29.08.2026 - 20:05:37 - 	at TAB.jar//me.neznamy.tab.shared.Property.update(Property.java:268)
29.08.2026 - 20:05:37 - 	at TAB.jar//me.neznamy.tab.shared.Property.analyze(Property.java:161)
29.08.2026 - 20:05:37 - 	at TAB.jar//me.neznamy.tab.shared.Property.<init>(Property.java:109)
29.08.2026 - 20:05:37 - 	at TAB.jar//me.neznamy.tab.shared.Property.<init>(Property.java:84)
29.08.2026 - 20:05:37 - 	at TAB.jar//me.neznamy.tab.shared.features.scoreboard.lines.StableDynamicLine.register(StableDynamicLine.java:45)
29.08.2026 - 20:05:37 - 	at TAB.jar//me.neznamy.tab.shared.features.scoreboard.ScoreboardImpl.addPlayer(ScoreboardImpl.java:160)
29.08.2026 - 20:05:37 - 	at TAB.jar//me.neznamy.tab.shared.features.scoreboard.ScoreboardManagerImpl.sendHighestScoreboard(ScoreboardManagerImpl.java:129)
29.08.2026 - 20:05:37 - 	at TAB.jar//me.neznamy.tab.shared.features.scoreboard.ScoreboardManagerImpl.setScoreboardVisible(ScoreboardManagerImpl.java:273)
29.08.2026 - 20:05:37 - 	at TAB.jar//me.neznamy.tab.shared.features.scoreboard.ScoreboardManagerImpl.lambda$onJoin$2(ScoreboardManagerImpl.java:105)
29.08.2026 - 20:05:37 - 	at TAB.jar//me.neznamy.tab.shared.cpu.TimedCaughtTask.run(TimedCaughtTask.java:28)
29.08.2026 - 20:05:37 - 	at java.base/java.util.concurrent.Executors$RunnableAdapter.call(Executors.java:572)
29.08.2026 - 20:05:37 - 	at java.base/java.util.concurrent.FutureTask.run(FutureTask.java:317)
29.08.2026 - 20:05:37 - 	at java.base/java.util.concurrent.ScheduledThreadPoolExecutor$ScheduledFutureTask.run(ScheduledThreadPoolExecutor.java:304)
29.08.2026 - 20:05:37 - 	at java.base/java.util.concurrent.ThreadPoolExecutor.runWorker(ThreadPoolExecutor.java:1144)
29.08.2026 - 20:05:37 - 	at java.base/java.util.concurrent.ThreadPoolExecutor$Worker.run(ThreadPoolExecutor.java:642)
29.08.2026 - 20:05:37 - 	at java.base/java.lang.Thread.run(Thread.java:1583)
