[2026-09-11 14:38:23][INFO] Downloading 'https://piston-data.mojang.com/v1/objects/ba2df812c2d12e0219c489c4cd9a5e1f0760f5bd/client.jar' to 'bluemap\minecraft-client-1.21.11.jar'...
[2026-09-11 14:38:28][INFO] Loading resources...
[2026-09-11 14:38:28][FINE] Loading resources from: bluemap\resourceExtensions.zip ...
[2026-09-11 14:38:28][FINE] Loading resources from: bluemap\minecraft-client-1.21.11.jar ...
[2026-09-11 14:38:28][FINE] Collecting texture-keys...
[2026-09-11 14:38:28][FINE] Found 2038 texture-keys.
[2026-09-11 14:38:28][FINE] Loading textures from: bluemap\resourceExtensions.zip ...
[2026-09-11 14:38:28][FINE] Loading textures from: bluemap\minecraft-client-1.21.11.jar ...
[2026-09-11 14:38:33][FINE] Baking resources...
[2026-09-11 14:38:33][INFO] Resources loaded.
[2026-09-11 14:38:33][FINE] Loading world world#minecraft:overworld ...
[2026-09-11 14:38:33][FINE] Loading datapack...
[2026-09-11 14:38:33][FINE] Loading datapack from: world\datapacks\bukkit ...
[2026-09-11 14:38:33][FINE] Loading datapack from: bluemap\resourceExtensions.zip ...
[2026-09-11 14:38:33][FINE] Loading datapack from: bluemap\minecraft-client-1.21.11.jar ...
[2026-09-11 14:38:33][FINE] Baking datapack...
[2026-09-11 14:38:33][FINE] Datapack loaded.
[2026-09-11 14:38:33][INFO] Initializing Storage: 'file' (Type: 'bluemap:file')
[2026-09-11 14:38:33][INFO] Loading map 'world'...
[2026-09-11 14:38:33][FINE] Loading render-state for map 'world'
[2026-09-11 14:38:33][FINE] Loading textures for map 'world'
[2026-09-11 14:38:33][FINE] Loading world world_the_end#minecraft:the_end ...
[2026-09-11 14:38:33][FINE] Loading datapack...
[2026-09-11 14:38:33][FINE] Loading datapack from: bluemap\resourceExtensions.zip ...
[2026-09-11 14:38:33][FINE] Loading datapack from: bluemap\minecraft-client-1.21.11.jar ...
[2026-09-11 14:38:33][FINE] Baking datapack...
[2026-09-11 14:38:33][FINE] Datapack loaded.
[2026-09-11 14:38:33][INFO] Loading map 'world_the_end'...
[2026-09-11 14:38:33][FINE] Loading render-state for map 'world_the_end'
[2026-09-11 14:38:33][FINE] Loading textures for map 'world_the_end'
[2026-09-11 14:38:33][FINE] Loading world world_nether#minecraft:the_nether ...
[2026-09-11 14:38:33][FINE] Loading datapack...
[2026-09-11 14:38:33][FINE] Loading datapack from: bluemap\resourceExtensions.zip ...
[2026-09-11 14:38:33][FINE] Loading datapack from: bluemap\minecraft-client-1.21.11.jar ...
[2026-09-11 14:38:33][FINE] Baking datapack...
[2026-09-11 14:38:33][FINE] Datapack loaded.
[2026-09-11 14:38:33][INFO] Loading map 'world_nether'...
[2026-09-11 14:38:33][FINE] Loading render-state for map 'world_nether'
[2026-09-11 14:38:33][FINE] Loading textures for map 'world_nether'
[2026-09-11 14:38:33][INFO] WebServer bound to all network interfaces on port 12321
[2026-09-11 14:38:33][INFO] WebServer started.
[2026-09-11 14:38:34][FINE] Started watching map 'world' for updates...
[2026-09-11 14:38:34][FINE] Started watching map 'world_the_end' for updates...
[2026-09-11 14:38:34][FINE] Started watching map 'world_nether' for updates...
[2026-09-11 14:38:34][INFO] Loaded!
[2026-09-11 14:41:14][INFO] Stopping...
[2026-09-11 14:41:14][FINE] Stopped watching map 'world' for updates.
[2026-09-11 14:41:14][FINE] Stopped watching map 'world_nether' for updates.
[2026-09-11 14:41:14][FINE] Stopped watching map 'world_the_end' for updates.
