[2026-09-04 14:32:53][INFO] Loading resources...
[2026-09-04 14:32:53][FINE] Loading resources from: bluemap/resourceExtensions.zip ...
[2026-09-04 14:32:53][FINE] Loading resources from: bluemap/minecraft-client-1.21.1.jar ...
[2026-09-04 14:32:54][FINE] Collecting texture-keys...
[2026-09-04 14:32:54][FINE] Found 1725 texture-keys.
[2026-09-04 14:32:54][FINE] Loading textures from: bluemap/resourceExtensions.zip ...
[2026-09-04 14:32:54][FINE] Loading textures from: bluemap/minecraft-client-1.21.1.jar ...
[2026-09-04 14:32:56][FINE] Baking resources...
[2026-09-04 14:32:56][INFO] Resources loaded.
[2026-09-04 14:32:56][FINE] Loading world world#minecraft:overworld ...
[2026-09-04 14:32:56][FINE] Loading datapack...
[2026-09-04 14:32:56][FINE] Loading datapack from: world/datapacks/bukkit ...
[2026-09-04 14:32:56][FINE] Loading datapack from: bluemap/resourceExtensions.zip ...
[2026-09-04 14:32:56][FINE] Loading datapack from: bluemap/minecraft-client-1.21.1.jar ...
[2026-09-04 14:32:56][FINE] Baking datapack...
[2026-09-04 14:32:56][FINE] Datapack loaded.
[2026-09-04 14:32:56][INFO] Initializing Storage: 'file' (Type: 'bluemap:file')
[2026-09-04 14:32:56][INFO] Loading map 'world'...
[2026-09-04 14:32:56][FINE] Loading render-state for map 'world'
[2026-09-04 14:32:56][FINE] Loading textures for map 'world'
[2026-09-04 14:32:57][FINE] Loading world world_the_end#minecraft:the_end ...
[2026-09-04 14:32:57][FINE] Loading datapack...
[2026-09-04 14:32:57][FINE] Loading datapack from: bluemap/resourceExtensions.zip ...
[2026-09-04 14:32:57][FINE] Loading datapack from: bluemap/minecraft-client-1.21.1.jar ...
[2026-09-04 14:32:57][FINE] Baking datapack...
[2026-09-04 14:32:57][FINE] Datapack loaded.
[2026-09-04 14:32:57][INFO] Loading map 'world_the_end'...
[2026-09-04 14:32:57][FINE] Loading render-state for map 'world_the_end'
[2026-09-04 14:32:57][FINE] Loading textures for map 'world_the_end'
[2026-09-04 14:32:57][FINE] Loading world world_nether#minecraft:the_nether ...
[2026-09-04 14:32:57][FINE] Loading datapack...
[2026-09-04 14:32:57][FINE] Loading datapack from: bluemap/resourceExtensions.zip ...
[2026-09-04 14:32:57][FINE] Loading datapack from: bluemap/minecraft-client-1.21.1.jar ...
[2026-09-04 14:32:57][FINE] Baking datapack...
[2026-09-04 14:32:57][FINE] Datapack loaded.
[2026-09-04 14:32:57][INFO] Loading map 'world_nether'...
[2026-09-04 14:32:57][FINE] Loading render-state for map 'world_nether'
[2026-09-04 14:32:57][FINE] Loading textures for map 'world_nether'
[2026-09-04 14:32:57][INFO] WebServer bound to all network interfaces on port 26306
[2026-09-04 14:32:57][INFO] WebServer started.
[2026-09-04 14:32:57][FINE] Started watching map 'world' for updates...
[2026-09-04 14:32:57][FINE] Started watching map 'world_the_end' for updates...
[2026-09-04 14:32:57][FINE] Started watching map 'world_nether' for updates...
[2026-09-04 14:32:57][INFO] Loaded!
[2026-09-04 14:35:40][FINE] Failed to load skin from mojang for player: '30117ceb-db68-3c7e-8ee3-5b696de4040d' - java.io.IOException: java.lang.IllegalStateException: Not a JSON Object: null
[2026-09-04 14:35:40][FINE] Empty player-skin provided for UUID: 30117ceb-db68-3c7e-8ee3-5b696de4040d
[2026-09-04 14:35:58][FINE] Scheduled update for region-file: (0, 0) (Map: world)
[2026-09-04 14:35:58][FINE] Scheduled update for region-file: (0, 1) (Map: world)
[2026-09-04 14:40:51][FINE] Scheduled update for region-file: (0, 0) (Map: world)
[2026-09-04 14:40:51][FINE] Scheduled update for region-file: (-1, 0) (Map: world)
[2026-09-04 14:40:51][FINE] Scheduled update for region-file: (0, 1) (Map: world)
[2026-09-04 14:40:51][FINE] Scheduled update for region-file: (-1, 1) (Map: world)
[2026-09-04 14:41:51][FINE] Scheduled update for region-file: (-1, 0) (Map: world)
[2026-09-04 14:41:51][FINE] Scheduled update for region-file: (-1, 1) (Map: world)
[2026-09-04 14:41:54][FINE] Scheduled update for region-file: (0, 1) (Map: world)
[2026-09-04 14:41:56][FINE] Scheduled update for region-file: (0, 0) (Map: world)
[2026-09-04 14:42:51][FINE] Scheduled update for region-file: (-1, 1) (Map: world)
[2026-09-04 14:42:54][FINE] Scheduled update for region-file: (0, 1) (Map: world)
[2026-09-04 14:43:51][FINE] Scheduled update for region-file: (-1, 1) (Map: world)
[2026-09-04 14:44:18][FINE] Failed to load skin from mojang for player: '8888f8b8-222a-3467-89bb-29f1aa0bce88' - java.io.IOException: java.lang.IllegalStateException: Not a JSON Object: null
[2026-09-04 14:44:18][FINE] Empty player-skin provided for UUID: 8888f8b8-222a-3467-89bb-29f1aa0bce88
[2026-09-04 14:45:10][FINE] Scheduled update for region-file: (-1, 0) (Map: world)
[2026-09-04 14:45:30][FINE] Scheduled update for region-file: (0, 1) (Map: world)
[2026-09-04 14:45:46][FINE] Scheduled update for region-file: (-1, 1) (Map: world)
[2026-09-04 14:45:51][FINE] Scheduled update for region-file: (0, 0) (Map: world)
[2026-09-04 14:46:30][FINE] Scheduled update for region-file: (0, 1) (Map: world)
[2026-09-04 14:46:39][FINE] Scheduled update for region-file: (-1, 0) (Map: world)
[2026-09-04 14:46:51][FINE] Scheduled update for region-file: (0, 0) (Map: world)
[2026-09-04 14:49:02][FINE] Scheduled update for region-file: (0, 1) (Map: world)
[2026-09-04 14:49:02][FINE] Scheduled update for region-file: (-1, 1) (Map: world)
[2026-09-04 14:49:22][FINE] Scheduled update for region-file: (0, 0) (Map: world)
[2026-09-04 14:50:48][FINE] Scheduled update for region-file: (0, 0) (Map: world)
[2026-09-04 14:50:50][FINE] Scheduled update for region-file: (-1, 1) (Map: world)
[2026-09-04 14:50:50][FINE] Scheduled update for region-file: (0, 1) (Map: world)
[2026-09-04 14:51:50][FINE] Scheduled update for region-file: (-1, 1) (Map: world)
[2026-09-04 14:51:50][FINE] Scheduled update for region-file: (0, 1) (Map: world)
[2026-09-04 14:53:08][FINE] Scheduled update for region-file: (-1, 1) (Map: world)
